AR control_unity behavioral "C:/Users/FAMILIA-ESCOBAR/Documents/Alejandro docs/1UTP/Arquitectura de computadores/Project1/Control_Unity/Control_Unity.vhd" sub00/vhpl09 1491589128
AR mux behavioral "C:/Users/FAMILIA-ESCOBAR/Documents/Alejandro docs/1UTP/Arquitectura de computadores/Project1/MUX/MUX.vhd" sub00/vhpl13 1491589132
EN instructionmemory_p1 NULL "C:/Users/FAMILIA-ESCOBAR/Documents/Alejandro docs/1UTP/Arquitectura de computadores/Project1/instructionMermory/InstructionMemory_p1.vhd" sub00/vhpl04 1491589123
EN scu NULL "C:/Users/FAMILIA-ESCOBAR/Documents/Alejandro docs/1UTP/Arquitectura de computadores/Project1/SCU/SCU.vhd" sub00/vhpl10 1491589129
EN adder_p1 NULL "C:/Users/FAMILIA-ESCOBAR/Documents/Alejandro docs/1UTP/Arquitectura de computadores/Project1/Adder_p1/Adder_p1.vhd" sub00/vhpl00 1491589119
EN program_counter NULL "C:/Users/FAMILIA-ESCOBAR/Documents/Alejandro docs/1UTP/Arquitectura de computadores/Project1/Program_Counter/Program_Counter.vhd" sub00/vhpl02 1491589121
EN procesador_uno NULL "C:/Users/FAMILIA-ESCOBAR/Documents/Alejandro docs/1UTP/Arquitectura de computadores/Project1/Procesador_uno/Procesador_uno.vhd" sub00/vhpl16 1491589135
EN registefile NULL "C:/Users/FAMILIA-ESCOBAR/Documents/Alejandro docs/1UTP/Arquitectura de computadores/Project1/RegisterFile/RegisteFile.vhd" sub00/vhpl06 1491589125
AR procesador_uno behavioral "C:/Users/FAMILIA-ESCOBAR/Documents/Alejandro docs/1UTP/Arquitectura de computadores/Project1/Procesador_uno/Procesador_uno.vhd" sub00/vhpl17 1491589136
AR scu behavioral "C:/Users/FAMILIA-ESCOBAR/Documents/Alejandro docs/1UTP/Arquitectura de computadores/Project1/SCU/SCU.vhd" sub00/vhpl11 1491589130
AR adder_p1 behavioral "C:/Users/FAMILIA-ESCOBAR/Documents/Alejandro docs/1UTP/Arquitectura de computadores/Project1/Adder_p1/Adder_p1.vhd" sub00/vhpl01 1491589120
AR instructionmemory_p1 behavioral "C:/Users/FAMILIA-ESCOBAR/Documents/Alejandro docs/1UTP/Arquitectura de computadores/Project1/instructionMermory/InstructionMemory_p1.vhd" sub00/vhpl05 1491589124
EN control_unity NULL "C:/Users/FAMILIA-ESCOBAR/Documents/Alejandro docs/1UTP/Arquitectura de computadores/Project1/Control_Unity/Control_Unity.vhd" sub00/vhpl08 1491589127
EN mux NULL "C:/Users/FAMILIA-ESCOBAR/Documents/Alejandro docs/1UTP/Arquitectura de computadores/Project1/MUX/MUX.vhd" sub00/vhpl12 1491589131
AR alu behavioral "C:/Users/FAMILIA-ESCOBAR/Documents/Alejandro docs/1UTP/Arquitectura de computadores/Project1/ALU/ALU.vhd" sub00/vhpl15 1491589134
AR program_counter behavioral "C:/Users/FAMILIA-ESCOBAR/Documents/Alejandro docs/1UTP/Arquitectura de computadores/Project1/Program_Counter/Program_Counter.vhd" sub00/vhpl03 1491589122
AR registefile behavioral "C:/Users/FAMILIA-ESCOBAR/Documents/Alejandro docs/1UTP/Arquitectura de computadores/Project1/RegisterFile/RegisteFile.vhd" sub00/vhpl07 1491589126
EN alu NULL "C:/Users/FAMILIA-ESCOBAR/Documents/Alejandro docs/1UTP/Arquitectura de computadores/Project1/ALU/ALU.vhd" sub00/vhpl14 1491589133
