V3 3
FL C:/Users/utp/Xilinx/Project1/Program_Counter/Program_Counter.vhd 2017/04/05.16:45:47 P.20131013
EN work/Program_Counter 1491428749 \
      FL C:/Users/utp/Xilinx/Project1/Program_Counter/Program_Counter.vhd \
      PB ieee/std_logic_1164 1381692176
AR work/Program_Counter/Behavioral 1491428750 \
      FL C:/Users/utp/Xilinx/Project1/Program_Counter/Program_Counter.vhd \
      EN work/Program_Counter 1491428749
