V3 3
FL C:/Users/utp/Xilinx/Project1/Control_Unity/Control_Unity.vhd 2017/04/05.17:25:56 P.20131013
EN work/Control_Unity 1491431158 \
      FL C:/Users/utp/Xilinx/Project1/Control_Unity/Control_Unity.vhd \
      PB ieee/std_logic_1164 1381692176
AR work/Control_Unity/Behavioral 1491431159 \
      FL C:/Users/utp/Xilinx/Project1/Control_Unity/Control_Unity.vhd \
      EN work/Control_Unity 1491431158
