V3 3
FL C:/Users/utp/Xilinx/Project1/Adder_p1/Adder_p1.vhd 2017/04/05.16:29:36 P.20131013
EN work/Adder_p1 1491427800 FL C:/Users/utp/Xilinx/Project1/Adder_p1/Adder_p1.vhd \
      PB ieee/std_logic_1164 1381692176 PB ieee/NUMERIC_STD 1381692181
AR work/Adder_p1/Behavioral 1491427801 \
      FL C:/Users/utp/Xilinx/Project1/Adder_p1/Adder_p1.vhd EN work/Adder_p1 1491427800
